/Users/simon.gurcke/Repos/apitally/apitally-dotnet/pocs/error-integrations/Framework/Framework.csproj : warning NU1510: PackageReference Microsoft.Extensions.Validation will not be pruned. Consider removing this package from your dependencies, as it is likely unnecessary. [TargetFramework=net8.0]
Framework runtime=8.0.13 aspnet=8.0.0.0
automatic fallback: status=200 contentType=application/json; charset=utf-8 body={"address":{"name":null},"entries":{}}
{"mvc":false,"problemDetails":false,"path":"/minimal/arbitrary","Status":400,"FactoryCalls":0,"ProblemCalls":0,"Details":[]}
{"mvc":false,"problemDetails":false,"path":"/minimal/automatic","Status":200,"FactoryCalls":0,"ProblemCalls":0,"Details":[]}
{"mvc":false,"problemDetails":false,"path":"/minimal/binding","Status":400,"FactoryCalls":0,"ProblemCalls":0,"Details":[]}
{"mvc":false,"problemDetails":false,"path":"/minimal/problem","Status":400,"FactoryCalls":0,"ProblemCalls":0,"Details":[]}
{"mvc":false,"problemDetails":false,"path":"/minimal/typed","Status":400,"FactoryCalls":0,"ProblemCalls":0,"Details":[{"Source":"","Field":"payload.literal.dot","Message":"synthetic validation","Type":""}]}
{"mvc":false,"problemDetails":false,"path":"/minimal/untyped","Status":422,"FactoryCalls":0,"ProblemCalls":0,"Details":[{"Source":"","Field":"items[a.b].name","Message":"synthetic validation","Type":""}]}
{"mvc":false,"problemDetails":true,"path":"/minimal/arbitrary","Status":400,"FactoryCalls":0,"ProblemCalls":0,"Details":[]}
{"mvc":false,"problemDetails":true,"path":"/minimal/automatic","Status":200,"FactoryCalls":0,"ProblemCalls":0,"Details":[]}
{"mvc":false,"problemDetails":true,"path":"/minimal/binding","Status":400,"FactoryCalls":0,"ProblemCalls":0,"Details":[]}
{"mvc":false,"problemDetails":true,"path":"/minimal/problem","Status":400,"FactoryCalls":0,"ProblemCalls":0,"Details":[]}
{"mvc":false,"problemDetails":true,"path":"/minimal/typed","Status":400,"FactoryCalls":0,"ProblemCalls":0,"Details":[{"Source":"","Field":"payload.literal.dot","Message":"synthetic validation","Type":""}]}
{"mvc":false,"problemDetails":true,"path":"/minimal/untyped","Status":422,"FactoryCalls":0,"ProblemCalls":1,"Details":[{"Source":"","Field":"items[a.b].name","Message":"synthetic validation","Type":""}]}
{"mvc":true,"problemDetails":true,"path":"/minimal/arbitrary","Status":400,"FactoryCalls":0,"ProblemCalls":0,"Details":[]}
{"mvc":true,"problemDetails":true,"path":"/minimal/automatic","Status":200,"FactoryCalls":0,"ProblemCalls":0,"Details":[]}
{"mvc":true,"problemDetails":true,"path":"/minimal/binding","Status":400,"FactoryCalls":0,"ProblemCalls":0,"Details":[]}
{"mvc":true,"problemDetails":true,"path":"/minimal/problem","Status":400,"FactoryCalls":0,"ProblemCalls":0,"Details":[]}
{"mvc":true,"problemDetails":true,"path":"/minimal/typed","Status":400,"FactoryCalls":0,"ProblemCalls":0,"Details":[{"Source":"","Field":"payload.literal.dot","Message":"synthetic validation","Type":""}]}
{"mvc":true,"problemDetails":true,"path":"/minimal/untyped","Status":422,"FactoryCalls":0,"ProblemCalls":1,"Details":[{"Source":"","Field":"items[a.b].name","Message":"synthetic validation","Type":""}]}
{"mvc":true,"problemDetails":true,"path":"/mvc/body","Status":400,"FactoryCalls":1,"ProblemCalls":1,"Details":[{"Source":"body","Field":"Address.Name","Message":"The Name field is required.","Type":""},{"Source":"body","Field":"Entries[0].Value.Name","Message":"The Name field is required.","Type":""}]}
{"mvc":true,"problemDetails":true,"path":"/mvc/query","Status":400,"FactoryCalls":1,"ProblemCalls":1,"Details":[{"Source":"query","Field":"limit.literal","Message":"The value \u0027invalid\u0027 is not valid.","Type":""},{"Source":"query","Field":"limit.literal","Message":"A value for the \u0027limit.literal\u0027 parameter or property was not provided.","Type":""}]}
{"observerFirst":true,"forceDiagnostics":false,"useDelegate":false,"path":"/error/500","Status":500,"FeaturePresent":true,"Escaping":0,"ObserverCalls":1,"diagnosticCount":1,"ServerGroup":true,"exception":"InvalidOperationException","message":"synthetic handled exception","Route":"/error/{status:int}"}
{"observerFirst":true,"forceDiagnostics":false,"useDelegate":false,"path":"/error/503","Status":503,"FeaturePresent":true,"Escaping":0,"ObserverCalls":1,"diagnosticCount":1,"ServerGroup":false,"exception":"InvalidOperationException","message":"synthetic handled exception","Route":"/error/{status:int}"}
{"observerFirst":true,"forceDiagnostics":false,"useDelegate":false,"path":"/error/200","Status":200,"FeaturePresent":true,"Escaping":0,"ObserverCalls":1,"diagnosticCount":1,"ServerGroup":false,"exception":"InvalidOperationException","message":"synthetic handled exception","Route":"/error/{status:int}"}
{"observerFirst":true,"forceDiagnostics":false,"useDelegate":false,"path":"/intentional","Status":500,"FeaturePresent":false,"Escaping":0,"ObserverCalls":0,"diagnosticCount":0,"ServerGroup":false,"exception":null,"message":null,"Route":null}
{"observerFirst":true,"forceDiagnostics":false,"useDelegate":false,"path":"/first","Status":500,"FeaturePresent":true,"Escaping":0,"ObserverCalls":1,"diagnosticCount":1,"ServerGroup":true,"exception":"ArgumentException","message":"first","Route":"/first"}
{"observerFirst":true,"forceDiagnostics":false,"useDelegate":false,"path":"/aggregate","Status":500,"FeaturePresent":true,"Escaping":0,"ObserverCalls":1,"diagnosticCount":1,"ServerGroup":true,"exception":"ArgumentException","message":"single leaf","Route":"/aggregate"}
{"observerFirst":true,"forceDiagnostics":false,"useDelegate":false,"path":"/unrelated-cancel","Status":500,"FeaturePresent":true,"Escaping":0,"ObserverCalls":1,"diagnosticCount":1,"ServerGroup":true,"exception":"OperationCanceledException","message":"not request cancellation","Route":"/unrelated-cancel"}
{"observerFirst":true,"forceDiagnostics":false,"useDelegate":false,"path":"/cancel","Status":499,"FeaturePresent":false,"Escaping":0,"ObserverCalls":0,"diagnosticCount":0,"ServerGroup":false,"exception":null,"message":null,"Route":null}
{"observerFirst":false,"forceDiagnostics":false,"useDelegate":false,"path":"/error/500","Status":500,"FeaturePresent":true,"Escaping":0,"ObserverCalls":0,"diagnosticCount":1,"ServerGroup":true,"exception":"InvalidOperationException","message":"synthetic handled exception","Route":"/error/{status:int}"}
{"observerFirst":false,"forceDiagnostics":false,"useDelegate":false,"path":"/error/503","Status":503,"FeaturePresent":true,"Escaping":0,"ObserverCalls":0,"diagnosticCount":1,"ServerGroup":false,"exception":"InvalidOperationException","message":"synthetic handled exception","Route":"/error/{status:int}"}
{"observerFirst":false,"forceDiagnostics":false,"useDelegate":false,"path":"/error/200","Status":200,"FeaturePresent":true,"Escaping":0,"ObserverCalls":0,"diagnosticCount":1,"ServerGroup":false,"exception":"InvalidOperationException","message":"synthetic handled exception","Route":"/error/{status:int}"}
{"observerFirst":false,"forceDiagnostics":false,"useDelegate":false,"path":"/intentional","Status":500,"FeaturePresent":false,"Escaping":0,"ObserverCalls":0,"diagnosticCount":0,"ServerGroup":false,"exception":null,"message":null,"Route":null}
{"observerFirst":false,"forceDiagnostics":false,"useDelegate":false,"path":"/first","Status":500,"FeaturePresent":true,"Escaping":0,"ObserverCalls":0,"diagnosticCount":1,"ServerGroup":true,"exception":"ArgumentException","message":"first","Route":"/first"}
{"observerFirst":false,"forceDiagnostics":false,"useDelegate":false,"path":"/aggregate","Status":500,"FeaturePresent":true,"Escaping":0,"ObserverCalls":0,"diagnosticCount":1,"ServerGroup":true,"exception":"ArgumentException","message":"single leaf","Route":"/aggregate"}
{"observerFirst":false,"forceDiagnostics":false,"useDelegate":false,"path":"/unrelated-cancel","Status":500,"FeaturePresent":true,"Escaping":0,"ObserverCalls":0,"diagnosticCount":1,"ServerGroup":true,"exception":"OperationCanceledException","message":"not request cancellation","Route":"/unrelated-cancel"}
{"observerFirst":false,"forceDiagnostics":false,"useDelegate":false,"path":"/cancel","Status":499,"FeaturePresent":false,"Escaping":0,"ObserverCalls":0,"diagnosticCount":0,"ServerGroup":false,"exception":null,"message":null,"Route":null}
{"observerFirst":true,"forceDiagnostics":false,"useDelegate":true,"path":"/error/500","Status":500,"FeaturePresent":true,"Escaping":0,"ObserverCalls":1,"diagnosticCount":1,"ServerGroup":true,"exception":"InvalidOperationException","message":"synthetic handled exception","Route":"/error/{status:int}"}
{"observerFirst":true,"forceDiagnostics":false,"useDelegate":true,"path":"/error/503","Status":503,"FeaturePresent":true,"Escaping":0,"ObserverCalls":1,"diagnosticCount":1,"ServerGroup":false,"exception":"InvalidOperationException","message":"synthetic handled exception","Route":"/error/{status:int}"}
{"observerFirst":true,"forceDiagnostics":false,"useDelegate":true,"path":"/error/200","Status":200,"FeaturePresent":true,"Escaping":0,"ObserverCalls":1,"diagnosticCount":1,"ServerGroup":false,"exception":"InvalidOperationException","message":"synthetic handled exception","Route":"/error/{status:int}"}
{"observerFirst":true,"forceDiagnostics":false,"useDelegate":true,"path":"/intentional","Status":500,"FeaturePresent":false,"Escaping":0,"ObserverCalls":0,"diagnosticCount":0,"ServerGroup":false,"exception":null,"message":null,"Route":null}
{"observerFirst":true,"forceDiagnostics":false,"useDelegate":true,"path":"/first","Status":500,"FeaturePresent":true,"Escaping":0,"ObserverCalls":1,"diagnosticCount":1,"ServerGroup":true,"exception":"ArgumentException","message":"first","Route":"/first"}
{"observerFirst":true,"forceDiagnostics":false,"useDelegate":true,"path":"/aggregate","Status":500,"FeaturePresent":true,"Escaping":0,"ObserverCalls":1,"diagnosticCount":1,"ServerGroup":true,"exception":"ArgumentException","message":"single leaf","Route":"/aggregate"}
{"observerFirst":true,"forceDiagnostics":false,"useDelegate":true,"path":"/unrelated-cancel","Status":500,"FeaturePresent":true,"Escaping":0,"ObserverCalls":1,"diagnosticCount":1,"ServerGroup":true,"exception":"OperationCanceledException","message":"not request cancellation","Route":"/unrelated-cancel"}
{"observerFirst":true,"forceDiagnostics":false,"useDelegate":true,"path":"/cancel","Status":499,"FeaturePresent":false,"Escaping":0,"ObserverCalls":0,"diagnosticCount":0,"ServerGroup":false,"exception":null,"message":null,"Route":null}
PASS framework (Sentry absent)
